NIL
1
(NIL)
(1)
(A)
(A)
(A B)
(A B)
(A . B)
(C A B)
(1 2 3)
(1 . 1)
(NIL)
((A B) A B)
(A (B) C)
(A (B) C)
(A (B) C)
(A (B) C)
"yes"
"yes"
"no"
"no"
"no"
A
(B)
1
NIL
A
B
NIL
1
3
3
(3 3)
NIL
(2)
(2 4 6)
NIL
(6)
(6 8 10)
(B A)
((C D) B A)
(A)
NIL
(B A)
(F (E (D C)) B A)
(A)
NIL
A
(A B C)
(A B C)
(A B C D E F)
(1 4 9 16)
(1 4 9 16)
(2 3 4 5)
6
-4
6
0.16666666666666666
1
-1
1
1.0
3.14159265358979
3.14159265358979
(LAMBDA (R) (* R R PI))
3.14159265358979
314.159265358979
25
5
(A . 5)
NIL
T
"string"
(A B C)
(NIL T T NIL NIL NIL NIL NIL NIL NIL NIL NIL)
(NIL NIL NIL NIL T T NIL NIL NIL NIL NIL NIL)
(NIL NIL NIL NIL NIL NIL T T NIL NIL T T)
(NIL NIL NIL NIL NIL NIL T T NIL NIL NIL NIL)
(T T T T T T T T T T NIL NIL)
(1 . 2)
6
11
